<html>
<body>
<pre>
<h1>µVision Build Log</h1>
<h2>Tool Versions:</h2>
IDE-Version: ¦ÌVision V5.36.0.0
Copyright (C) 2021 ARM Ltd and ARM Germany GmbH. All rights reserved.
License Information: qian 22575, hangzhou dianzi university, LIC=LSNXV-P0X8T-HLPCL-0AK50-B6KJ4-51QSX
 
Tool Versions:
Toolchain:       MDK-ARM Plus  Version: 5.36.0.0
Toolchain Path:  C:\Keil_v5\ARM\ARMCC\Bin
C Compiler:      Armcc.exe V5.06 update 7 (build 960)
Assembler:       Armasm.exe V5.06 update 7 (build 960)
Linker/Locator:  ArmLink.exe V5.06 update 7 (build 960)
Library Manager: ArmAr.exe V5.06 update 7 (build 960)
Hex Converter:   FromElf.exe V5.06 update 7 (build 960)
CPU DLL:         SARMCM3.DLL V5.36.0.0
Dialog DLL:      DCM.DLL V1.17.3.0
Target DLL:      STLink\ST-LINKIII-KEIL_SWO.dll V3.0.9.0
Dialog DLL:      TCM.DLL V1.53.0.0
 
<h2>Project:</h2>
D:\Work\STM32\IntelligentRoadblock\roadblockv2\roadblockv2\MDK-ARM\roadblockv2.uvprojx
Project File Date:  03/28/2024

<h2>Output:</h2>
*** Using Compiler 'V5.06 update 7 (build 960)', folder: 'C:\Keil_v5\ARM\ARMCC\Bin'
Rebuild target 'roadblockv2'
assembling startup_stm32f407xx.s...
compiling stm32f4xx_ll_adc.c...
compiling dma.c...
compiling stm32f4xx_hal_adc_ex.c...
compiling stm32f4xx_it.c...
../Core/Src/stm32f4xx_it.c(314): warning:  #1035-D: single-precision operand implicitly converted to double-precision
    else if(car_state==FREEMOVE) move(general_spd,(float)((float)free_move_degree/180.0)*PI,dir.pwm_out);
../Core/Src/stm32f4xx_it.c(314): warning:  #1035-D: single-precision operand implicitly converted to double-precision
    else if(car_state==FREEMOVE) move(general_spd,(float)((float)free_move_degree/180.0)*PI,dir.pwm_out);
../Core/Src/stm32f4xx_it.c: 2 warnings, 0 errors
compiling stm32f4xx_hal_adc.c...
compiling stm32f4xx_hal_flash_ramfunc.c...
compiling gpio.c...
compiling i2c.c...
compiling tim.c...
compiling stm32f4xx_hal_flash.c...
compiling stm32f4xx_hal_msp.c...
compiling stm32f4xx_hal_rcc.c...
compiling adc.c...
compiling stm32f4xx_hal_rcc_ex.c...
compiling stm32f4xx_hal_flash_ex.c...
compiling usart.c...
compiling main.c...
compiling stm32f4xx_hal_pwr_ex.c...
compiling stm32f4xx_hal_gpio.c...
compiling stm32f4xx_hal_dma.c...
compiling stm32f4xx_hal.c...
compiling stm32f4xx_hal_pwr.c...
compiling stm32f4xx_hal_cortex.c...
compiling stm32f4xx_hal_dma_ex.c...
compiling stm32f4xx_hal_exti.c...
compiling stm32f4xx_hal_uart.c...
compiling system_stm32f4xx.c...
compiling stm32f4xx_hal_i2c_ex.c...
compiling oled.c...
code\oled.c(12): warning:  #550-D: variable "oled_display_dir"  was set but never used
  static oled_dir_enum        oled_display_dir    = OLED_DEFAULT_DISPLAY_DIR;
code\oled.c: 1 warning, 0 errors
compiling esp01.c...
compiling uwb.c...
compiling wt61c.c...
compiling stm32f4xx_hal_tim.c...
compiling stm32f4xx_hal_tim_ex.c...
compiling motor.c...
compiling font.c...
compiling menu.c...
code\menu.c(411): warning:  #144-D: a value of type "void *" cannot be used to initialize an entity of type "void (*)()"
          void (*func)() = navigate[cntpage]->itemlist[navigate[cntpage]->pos].chf;
code\menu.c(419): warning:  #144-D: a value of type "void *" cannot be used to initialize an entity of type "void (*)()"
          void (*func)() = navigate[cntpage]->itemlist[navigate[cntpage]->pos].chf;
code\menu.c(434): warning:  #144-D: a value of type "void *" cannot be used to initialize an entity of type "void (*)()"
          void (*func)() = navigate[cntpage]->itemlist[navigate[cntpage]->pos].chf;
code\menu.c(442): warning:  #144-D: a value of type "void *" cannot be used to initialize an entity of type "void (*)()"
          void (*func)() = navigate[cntpage]->itemlist[navigate[cntpage]->pos].chf;
code\menu.c(460): warning:  #144-D: a value of type "void *" cannot be used to initialize an entity of type "void (*)()"
          void (*func)() = navigate[cntpage]->itemlist[navigate[cntpage]->pos].addr;
code\menu.c(469): warning:  #144-D: a value of type "void *" cannot be used to initialize an entity of type "void (*)()"
          void (*func)() = navigate[cntpage]->itemlist[navigate[cntpage]->pos].chf;
code\menu.c: 6 warnings, 0 errors
compiling stm32f4xx_hal_i2c.c...
linking...
Program Size: Code=26088 RO-data=3272 RW-data=132 ZI-data=8556  
FromELF: creating hex file...
"roadblockv2\roadblockv2.axf" - 0 Error(s), 9 Warning(s).

<h2>Software Packages used:</h2>

Package Vendor: ARM
                http://www.keil.com/pack/ARM.CMSIS.5.8.0.pack
                ARM.CMSIS.5.8.0
                CMSIS (Common Microcontroller Software Interface Standard)
   * Component: CORE Version: 5.5.0

Package Vendor: Keil
                http://www.keil.com/pack/Keil.STM32F4xx_DFP.2.15.0.pack
                Keil.STM32F4xx_DFP.2.15.0
                STMicroelectronics STM32F4 Series Device Support, Drivers and Examples

<h2>Collection of Component include folders:</h2>
  .\RTE\_roadblockv2
  C:\Users\22575\AppData\Local\Arm\Packs\ARM\CMSIS\5.8.0\CMSIS\Core\Include
  C:\Users\22575\AppData\Local\Arm\Packs\Keil\STM32F4xx_DFP\2.15.0\Drivers\CMSIS\Device\ST\STM32F4xx\Include

<h2>Collection of Component Files used:</h2>

   * Component: ARM::CMSIS:CORE:5.5.0
      Include file:  CMSIS\Core\Include\tz_context.h
Build Time Elapsed:  00:00:15
</pre>
</body>
</html>
